[2026-07-20 18:19:37] ======================================================================
[2026-07-20 18:19:37] Week 3 Markdown Pipeline — 从招股书Markdown直接提取到4-Sheet Excel
[2026-07-20 18:19:37] 执行时间: 2026-07-20T18:19:37.110137
[2026-07-20 18:19:37] 输入: 招股书 Markdown 文件（位于 scratch_results/）
[2026-07-20 18:19:37] 输出: 4-Sheet Excel（认缴流量/股权结构存量/交叉校验/股权转让）
[2026-07-20 18:19:37] 原则: 所有数据从Markdown定位结果直接提取，不使用JSONL填充Auto
[2026-07-20 18:19:37] ======================================================================
[2026-07-20 18:19:37] 
[2026-07-20 18:19:37] 处理: 001282 三联锻造
[2026-07-20 18:19:37]   [WARNING] Markdown 文件不存在
[2026-07-20 18:19:37]   JSONL参考(仅对比): 认缴13 | 股权23 | 转让0
[2026-07-20 18:19:37]   输出: 001282_三联锻造_auto.xlsx
[2026-07-20 18:19:37]   输出: 001282_三联锻造_auto.jsonl (0 条)
[2026-07-20 18:19:37] 
[2026-07-20 18:19:37] 处理: 301563 云汉芯城
[2026-07-20 18:19:37]   [WARNING] Markdown 文件不存在
[2026-07-20 18:19:37]   JSONL参考(仅对比): 认缴35 | 股权129 | 转让0
[2026-07-20 18:19:37]   输出: 301563_云汉芯城_auto.xlsx
[2026-07-20 18:19:37]   输出: 301563_云汉芯城_auto.jsonl (0 条)
[2026-07-20 18:19:37] 
[2026-07-20 18:19:37] 处理: 301581 黄山谷捷
[2026-07-20 18:19:37]   [WARNING] Markdown 文件不存在
[2026-07-20 18:19:37]   JSONL参考(仅对比): 认缴3 | 股权21 | 转让0
[2026-07-20 18:19:37]   输出: 301581_黄山谷捷_auto.xlsx
[2026-07-20 18:19:37]   输出: 301581_黄山谷捷_auto.jsonl (0 条)
[2026-07-20 18:19:37] 
[2026-07-20 18:19:37] 处理: 603418 友升股份
[2026-07-20 18:19:37]   [WARNING] Markdown 文件不存在
[2026-07-20 18:19:37]   JSONL参考(仅对比): 认缴13 | 股权32 | 转让0
[2026-07-20 18:19:37]   输出: 603418_友升股份_auto.xlsx
[2026-07-20 18:19:37]   输出: 603418_友升股份_auto.jsonl (0 条)
[2026-07-20 18:19:37] 
[2026-07-20 18:19:37] 处理: 688758 赛分科技
[2026-07-20 18:19:37]   [SKIP] Markdown 源文件缺失 — 无法进行自动提取，Auto 产出为空
[2026-07-20 18:19:37]   JSONL参考(仅对比): 认缴10 | 股权316 | 转让0
[2026-07-20 18:19:37]   输出: 688758_赛分科技_auto.xlsx
[2026-07-20 18:19:37]   输出: 688758_赛分科技_auto.jsonl (0 条)
[2026-07-20 18:19:37] 
[2026-07-20 18:19:37] 处理: 688775 影石创新
[2026-07-20 18:19:37]   [WARNING] Markdown 文件不存在
[2026-07-20 18:19:37]   JSONL参考(仅对比): 认缴0 | 股权81 | 转让0
[2026-07-20 18:19:37]   输出: 688775_影石创新_auto.xlsx
[2026-07-20 18:19:37]   输出: 688775_影石创新_auto.jsonl (0 条)
[2026-07-20 18:19:37] 
[2026-07-20 18:19:37] 处理: 920100 三协电机
[2026-07-20 18:19:37]   [WARNING] Markdown 文件不存在
[2026-07-20 18:19:37]   JSONL参考(仅对比): 认缴17 | 股权19 | 转让0
[2026-07-20 18:19:37]   输出: 920100_三协电机_auto.xlsx
[2026-07-20 18:19:37]   输出: 920100_三协电机_auto.jsonl (0 条)
[2026-07-20 18:19:37] 
[2026-07-20 18:19:37] 处理: 920116 星图测控
[2026-07-20 18:19:37]   [WARNING] Markdown 文件不存在
[2026-07-20 18:19:37]   JSONL参考(仅对比): 认缴6 | 股权13 | 转让0
[2026-07-20 18:19:37]   输出: 920116_星图测控_auto.xlsx
[2026-07-20 18:19:37]   输出: 920116_星图测控_auto.jsonl (0 条)
[2026-07-20 18:19:37] 
[2026-07-20 18:19:37] ======================================================================
[2026-07-20 18:19:37] Pipeline 执行完毕
[2026-07-20 18:19:37]   从Markdown成功提取: 0/8 家
[2026-07-20 18:19:37]   Markdown不可用:      8/8 家
[2026-07-20 18:19:37]   认缴流量总记录: 0
[2026-07-20 18:19:37]   股权存量总记录: 0
[2026-07-20 18:19:37]   股权转让总记录: 0
[2026-07-20 18:19:37]   交叉校验项:     0
[2026-07-20 18:19:37]   生成Excel: 8 份
[2026-07-20 18:19:37] ======================================================================